---------------------------------------
Begin Slurm Prolog: Oct-28-2025 13:44:43
Job ID:    3470040
User ID:   zyahn3
Account:   scs
Job name:  mxnet_to_onnx
Partition: coc-cpu
QOS:       coc-ice
---------------------------------------
no change     /usr/local/pace-apps/manual/packages/anaconda3/2023.03/condabin/conda
no change     /usr/local/pace-apps/manual/packages/anaconda3/2023.03/bin/conda
no change     /usr/local/pace-apps/manual/packages/anaconda3/2023.03/bin/conda-env
no change     /usr/local/pace-apps/manual/packages/anaconda3/2023.03/bin/activate
no change     /usr/local/pace-apps/manual/packages/anaconda3/2023.03/bin/deactivate
no change     /usr/local/pace-apps/manual/packages/anaconda3/2023.03/etc/profile.d/conda.sh
no change     /usr/local/pace-apps/manual/packages/anaconda3/2023.03/etc/fish/conf.d/conda.fish
no change     /usr/local/pace-apps/manual/packages/anaconda3/2023.03/shell/condabin/Conda.psm1
no change     /usr/local/pace-apps/manual/packages/anaconda3/2023.03/shell/condabin/conda-hook.ps1
no change     /usr/local/pace-apps/manual/packages/anaconda3/2023.03/lib/python3.10/site-packages/xontrib/conda.xsh
no change     /usr/local/pace-apps/manual/packages/anaconda3/2023.03/etc/profile.d/conda.csh
no change     /home/hice1/zyahn3/.bashrc
No action taken.

CondaError: Run 'conda init' before 'conda activate'

Collecting onnx==1.5.0
  Downloading onnx-1.5.0.tar.gz (3.0 MB)
     ━━━━━━━━━━━━━━━━━━━━━━━━━━━━━━━━━━━━━━━━ 3.0/3.0 MB 25.8 MB/s eta 0:00:00
  Preparing metadata (setup.py): started
  Preparing metadata (setup.py): finished with status 'done'
Requirement already satisfied: protobuf==3.17.0 in /storage/ice1/5/9/zyahn3/.conda/envs/mx_to_onnx/lib/python3.8/site-packages (3.17.0)
Requirement already satisfied: numpy in /storage/ice1/5/9/zyahn3/.conda/envs/mx_to_onnx/lib/python3.8/site-packages (from onnx==1.5.0) (1.23.0)
Requirement already satisfied: six in /storage/ice1/5/9/zyahn3/.conda/envs/mx_to_onnx/lib/python3.8/site-packages (from onnx==1.5.0) (1.16.0)
Collecting typing>=3.6.4 (from onnx==1.5.0)
  Using cached typing-3.7.4.3-py3-none-any.whl
Requirement already satisfied: typing-extensions>=3.6.2.1 in /storage/ice1/5/9/zyahn3/.conda/envs/mx_to_onnx/lib/python3.8/site-packages (from onnx==1.5.0) (4.12.2)
Building wheels for collected packages: onnx
  Building wheel for onnx (setup.py): started
  Building wheel for onnx (setup.py): finished with status 'error'
  error: subprocess-exited-with-error
  
  × python setup.py bdist_wheel did not run successfully.
  │ exit code: 1
  ╰─> [170 lines of output]
      /tmp/pip-install-i7v4ur4g/onnx_3a0999a5f0e44688a4685fbbcd0be96a/setup.py:32: DeprecationWarning: Use shutil.which instead of find_executable
        CMAKE = find_executable('cmake3') or find_executable('cmake')
      /tmp/pip-install-i7v4ur4g/onnx_3a0999a5f0e44688a4685fbbcd0be96a/setup.py:33: DeprecationWarning: Use shutil.which instead of find_executable
        MAKE = find_executable('make')
      fatal: not a git repository (or any parent up to mount point /)
      Stopping at filesystem boundary (GIT_DISCOVERY_ACROSS_FILESYSTEM not set).
      /home/hice1/zyahn3/.conda/envs/mx_to_onnx/lib/python3.8/site-packages/setuptools/dist.py:452: SetuptoolsDeprecationWarning: Invalid dash-separated options
      !!
      
              ********************************************************************************
              Usage of dash-separated 'license-file' will not be supported in future
              versions. Please use the underscore name 'license_file' instead.
      
              This deprecation is overdue, please update your project and remove deprecated
              calls to avoid build errors in the future.
      
              See https://setuptools.pypa.io/en/latest/userguide/declarative_config.html for details.
              ********************************************************************************
      
      !!
        opt = self.warn_dash_deprecation(opt, section)
      /home/hice1/zyahn3/.conda/envs/mx_to_onnx/lib/python3.8/site-packages/setuptools/__init__.py:94: _DeprecatedInstaller: setuptools.installer and fetch_build_eggs are deprecated.
      !!
      
              ********************************************************************************
              Requirements should be satisfied by a PEP 517 installer.
              If you are using pip, you can try `pip install --use-pep517`.
              ********************************************************************************
      
      !!
        dist.fetch_build_eggs(dist.setup_requires)
      /home/hice1/zyahn3/.conda/envs/mx_to_onnx/lib/python3.8/site-packages/setuptools/_distutils/dist.py:261: UserWarning: Unknown distribution option: 'tests_require'
        warnings.warn(msg)
      running bdist_wheel
      running build
      running build_py
      running create_version
      running cmake_build
      -- The C compiler identification is GNU 12.3.0
      -- The CXX compiler identification is GNU 12.3.0
      -- Detecting C compiler ABI info
      -- Detecting C compiler ABI info - done
      -- Check for working C compiler: /usr/local/pace-apps/spack/packages/linux-rhel9-x86_64_v3/gcc-11.3.1/gcc-12.3.0-ukkkutsxfl5kpnnaxflpkq2jtliwthfz/bin/gcc - skipped
      -- Detecting C compile features
      -- Detecting C compile features - done
      -- Detecting CXX compiler ABI info
      -- Detecting CXX compiler ABI info - done
      -- Check for working CXX compiler: /usr/local/pace-apps/spack/packages/linux-rhel9-x86_64_v3/gcc-11.3.1/gcc-12.3.0-ukkkutsxfl5kpnnaxflpkq2jtliwthfz/bin/g++ - skipped
      -- Detecting CXX compile features
      -- Detecting CXX compile features - done
      -- Found Protobuf: /storage/ice1/5/9/zyahn3/.conda/envs/mx_to_onnx/lib/libprotobuf.so (found version "3.12.4")
      CMake Warning at CMakeLists.txt:365 (find_package):
        By not providing "Findpybind11.cmake" in CMAKE_MODULE_PATH this project has
        asked CMake to find a package configuration file provided by "pybind11",
        but CMake did not find one.
      
        Could not find a package configuration file provided by "pybind11"
        (requested version 2.2) with any of the following names:
      
          pybind11Config.cmake
          pybind11-config.cmake
      
        Add the installation prefix of "pybind11" to CMAKE_PREFIX_PATH or set
        "pybind11_DIR" to a directory containing one of the above files.  If
        "pybind11" provides a separate development package or SDK, be sure it has
        been installed.
      
      
      --
      -- ******** Summary ********
      --   CMake version         : 3.26.5
      --   CMake command         : /usr/bin/cmake
      --   System                : Linux
      --   C++ compiler          : /usr/local/pace-apps/spack/packages/linux-rhel9-x86_64_v3/gcc-11.3.1/gcc-12.3.0-ukkkutsxfl5kpnnaxflpkq2jtliwthfz/bin/g++
      --   C++ compiler version  : 12.3.0
      --   CXX flags             :  -Wnon-virtual-dtor
      --   Build type            : Release
      --   Compile definitions   :
      --   CMAKE_PREFIX_PATH     :
      --   CMAKE_INSTALL_PREFIX  : /usr/local
      --   CMAKE_MODULE_PATH     :
      --
      --   ONNX version          : 1.5.0
      --   ONNX NAMESPACE        : onnx
      --   ONNX_BUILD_TESTS      : OFF
      --   ONNX_BUILD_BENCHMARKS : OFF
      --   ONNX_USE_LITE_PROTO   : OFF
      --   ONNXIFI_DUMMY_BACKEND : OFF
      --   ONNXIFI_ENABLE_EXT    : OFF
      --
      --   Protobuf compiler     : /home/hice1/zyahn3/.conda/envs/mx_to_onnx/bin/protoc
      --   Protobuf includes     : /storage/ice1/5/9/zyahn3/.conda/envs/mx_to_onnx/include
      --   Protobuf libraries    : /storage/ice1/5/9/zyahn3/.conda/envs/mx_to_onnx/lib/libprotobuf.so
      --   BUILD_ONNX_PYTHON     : ON
      --     Python version      :
      --     Python executable   : /home/hice1/zyahn3/.conda/envs/mx_to_onnx/bin/python
      --     Python includes     : /home/hice1/zyahn3/.conda/envs/mx_to_onnx/include/python3.8
      -- Configuring done (1.2s)
      -- Generating done (0.1s)
      -- Build files have been written to: /tmp/pip-install-i7v4ur4g/onnx_3a0999a5f0e44688a4685fbbcd0be96a/.setuptools-cmake-build
      [  1%] Running gen_proto.py on onnx/onnx.in.proto
      [  3%] Building C object CMakeFiles/onnxifi_loader.dir/onnx/onnxifi_loader.c.o
      [  5%] Building C object CMakeFiles/onnxifi_dummy.dir/onnx/onnxifi_dummy.c.o
      Processing /tmp/pip-install-i7v4ur4g/onnx_3a0999a5f0e44688a4685fbbcd0be96a/onnx/onnx.in.proto
      Writing /tmp/pip-install-i7v4ur4g/onnx_3a0999a5f0e44688a4685fbbcd0be96a/.setuptools-cmake-build/onnx/onnx-ml.proto
      Writing /tmp/pip-install-i7v4ur4g/onnx_3a0999a5f0e44688a4685fbbcd0be96a/.setuptools-cmake-build/onnx/onnx-ml.proto3
      generating /tmp/pip-install-i7v4ur4g/onnx_3a0999a5f0e44688a4685fbbcd0be96a/.setuptools-cmake-build/onnx/onnx_pb.py
      /tmp/pip-install-i7v4ur4g/onnx_3a0999a5f0e44688a4685fbbcd0be96a/onnx/onnxifi_dummy.c: In function 'onnxGetExtensionFunctionAddress':
      /tmp/pip-install-i7v4ur4g/onnx_3a0999a5f0e44688a4685fbbcd0be96a/onnx/onnxifi_dummy.c:173:21: warning: assignment to 'onnxExtensionFunctionPointer' {aka 'int (*)(void)'} from incompatible pointer type 'onnxStatus (*)(void *, const char *, onnxStatus (**)(void))' {aka 'int (*)(void *, const char *, int (**)(void))'} [-Wincompatible-pointer-types]
        173 |           *function = &onnxGetExtensionFunctionAddress;
            |                     ^
      /tmp/pip-install-i7v4ur4g/onnx_3a0999a5f0e44688a4685fbbcd0be96a/onnx/onnxifi_dummy.c:176:21: warning: assignment to 'onnxExtensionFunctionPointer' {aka 'int (*)(void)'} from incompatible pointer type 'onnxStatus (*)(void *, uint32_t,  const onnxTensorDescriptorV1 *, uint32_t,  const onnxTensorDescriptorV1 *, onnxMemoryFenceV1 *)' {aka 'int (*)(void *, unsigned int,  const onnxTensorDescriptorV1 *, unsigned int,  const onnxTensorDescriptorV1 *, onnxMemoryFenceV1 *)'} [-Wincompatible-pointer-types]
        176 |           *function = &onnxSetIOAndRunGraph;
            |                     ^
      [  7%] Running C++ protocol buffer compiler on /tmp/pip-install-i7v4ur4g/onnx_3a0999a5f0e44688a4685fbbcd0be96a/.setuptools-cmake-build/onnx/onnx-ml.proto
      [  8%] Linking C static library libonnxifi_loader.a
      [ 10%] Linking C shared library libonnxifi_dummy.so
      --python_out: onnx/onnx-ml.proto: Unknown generator option: dllexport_decl
      gmake[2]: *** [CMakeFiles/gen_onnx_proto.dir/build.make:74: onnx/onnx-ml.pb.cc] Error 1
      gmake[1]: *** [CMakeFiles/Makefile2:95: CMakeFiles/gen_onnx_proto.dir/all] Error 2
      gmake[1]: *** Waiting for unfinished jobs....
      [ 10%] Built target onnxifi_loader
      [ 10%] Built target onnxifi_dummy
      gmake: *** [Makefile:136: all] Error 2
      Traceback (most recent call last):
        File "<string>", line 2, in <module>
        File "<pip-setuptools-caller>", line 34, in <module>
        File "/tmp/pip-install-i7v4ur4g/onnx_3a0999a5f0e44688a4685fbbcd0be96a/setup.py", line 312, in <module>
          setuptools.setup(
        File "/home/hice1/zyahn3/.conda/envs/mx_to_onnx/lib/python3.8/site-packages/setuptools/__init__.py", line 117, in setup
          return distutils.core.setup(**attrs)
        File "/home/hice1/zyahn3/.conda/envs/mx_to_onnx/lib/python3.8/site-packages/setuptools/_distutils/core.py", line 183, in setup
          return run_commands(dist)
        File "/home/hice1/zyahn3/.conda/envs/mx_to_onnx/lib/python3.8/site-packages/setuptools/_distutils/core.py", line 199, in run_commands
          dist.run_commands()
        File "/home/hice1/zyahn3/.conda/envs/mx_to_onnx/lib/python3.8/site-packages/setuptools/_distutils/dist.py", line 954, in run_commands
          self.run_command(cmd)
        File "/home/hice1/zyahn3/.conda/envs/mx_to_onnx/lib/python3.8/site-packages/setuptools/dist.py", line 950, in run_command
          super().run_command(command)
        File "/home/hice1/zyahn3/.conda/envs/mx_to_onnx/lib/python3.8/site-packages/setuptools/_distutils/dist.py", line 973, in run_command
          cmd_obj.run()
        File "/home/hice1/zyahn3/.conda/envs/mx_to_onnx/lib/python3.8/site-packages/setuptools/command/bdist_wheel.py", line 398, in run
          self.run_command("build")
        File "/home/hice1/zyahn3/.conda/envs/mx_to_onnx/lib/python3.8/site-packages/setuptools/_distutils/cmd.py", line 316, in run_command
          self.distribution.run_command(command)
        File "/home/hice1/zyahn3/.conda/envs/mx_to_onnx/lib/python3.8/site-packages/setuptools/dist.py", line 950, in run_command
          super().run_command(command)
        File "/home/hice1/zyahn3/.conda/envs/mx_to_onnx/lib/python3.8/site-packages/setuptools/_distutils/dist.py", line 973, in run_command
          cmd_obj.run()
        File "/home/hice1/zyahn3/.conda/envs/mx_to_onnx/lib/python3.8/site-packages/setuptools/_distutils/command/build.py", line 135, in run
          self.run_command(cmd_name)
        File "/home/hice1/zyahn3/.conda/envs/mx_to_onnx/lib/python3.8/site-packages/setuptools/_distutils/cmd.py", line 316, in run_command
          self.distribution.run_command(command)
        File "/home/hice1/zyahn3/.conda/envs/mx_to_onnx/lib/python3.8/site-packages/setuptools/dist.py", line 950, in run_command
          super().run_command(command)
        File "/home/hice1/zyahn3/.conda/envs/mx_to_onnx/lib/python3.8/site-packages/setuptools/_distutils/dist.py", line 973, in run_command
          cmd_obj.run()
        File "/tmp/pip-install-i7v4ur4g/onnx_3a0999a5f0e44688a4685fbbcd0be96a/setup.py", line 206, in run
          self.run_command('cmake_build')
        File "/home/hice1/zyahn3/.conda/envs/mx_to_onnx/lib/python3.8/site-packages/setuptools/_distutils/cmd.py", line 316, in run_command
          self.distribution.run_command(command)
        File "/home/hice1/zyahn3/.conda/envs/mx_to_onnx/lib/python3.8/site-packages/setuptools/dist.py", line 950, in run_command
          super().run_command(command)
        File "/home/hice1/zyahn3/.conda/envs/mx_to_onnx/lib/python3.8/site-packages/setuptools/_distutils/dist.py", line 973, in run_command
          cmd_obj.run()
        File "/tmp/pip-install-i7v4ur4g/onnx_3a0999a5f0e44688a4685fbbcd0be96a/setup.py", line 200, in run
          subprocess.check_call(build_args)
        File "/home/hice1/zyahn3/.conda/envs/mx_to_onnx/lib/python3.8/subprocess.py", line 364, in check_call
          raise CalledProcessError(retcode, cmd)
      subprocess.CalledProcessError: Command '['/usr/bin/cmake3', '--build', '.', '--', '-j', '24']' returned non-zero exit status 2.
      [end of output]
  
  note: This error originates from a subprocess, and is likely not a problem with pip.
  ERROR: Failed building wheel for onnx
  Running setup.py clean for onnx
Failed to build onnx
ERROR: ERROR: Failed to build installable wheels for some pyproject.toml based projects (onnx)
Python 3.8.20
[13:44:55] src/nnvm/legacy_json_util.cc:209: Loading symbol saved by previous version v1.2.1. Attempting to upgrade...
[13:44:55] src/nnvm/legacy_json_util.cc:217: Symbol successfully upgraded!
[13:44:55] src/nnvm/legacy_json_util.cc:209: Loading symbol saved by previous version v1.2.1. Attempting to upgrade...
[13:44:55] src/nnvm/legacy_json_util.cc:217: Symbol successfully upgraded!
Traceback (most recent call last):
  File "src/convert_to_onnx.py", line 20, in <module>
    onnx_mxnet.export_model(
  File "/home/hice1/zyahn3/.conda/envs/mx_to_onnx/lib/python3.8/site-packages/mxnet/contrib/onnx/mx2onnx/export_model.py", line 77, in export_model
    onnx_graph = converter.create_onnx_graph_proto(sym_obj, params_obj, input_shape,
  File "/home/hice1/zyahn3/.conda/envs/mx_to_onnx/lib/python3.8/site-packages/mxnet/contrib/onnx/mx2onnx/export_onnx.py", line 308, in create_onnx_graph_proto
    checker.check_graph(graph)
  File "/home/hice1/zyahn3/.conda/envs/mx_to_onnx/lib/python3.8/site-packages/onnx/checker.py", line 53, in checker
    return getattr(C, py_func.__name__)(
onnx.onnx_cpp2py_export.checker.ValidationError: Unrecognized attribute: spatial for operator BatchNormalization

==> Context: Bad node spec: input: "convolution0" input: "batchnorm0_gamma" input: "batchnorm0_beta" input: "batchnorm0_moving_mean" input: "batchnorm0_moving_var" output: "batchnorm0" name: "batchnorm0" op_type: "BatchNormalization" attribute { name: "epsilon" f: 0.001 type: FLOAT } attribute { name: "momentum" f: 0.9 type: FLOAT } attribute { name: "spatial" i: 0 type: INT }
---------------------------------------
Begin Slurm Epilog: Oct-28-2025 13:45:19
Job ID:        3470040
User ID:       zyahn3
Account:       scs
Job name:      mxnet_to_onnx
Resources:     cpu=1,mem=32G,node=1
Rsrc Used:     cput=00:00:36,vmem=0,walltime=00:00:36,mem=7455472K,energy_used=0
Partition:     coc-cpu
QOS:           coc-ice
Nodes:         atl1-1-02-010-7-2
---------------------------------------
